■ 대상 JP세트 118개 ★APPLY
  jp-tcg-SI (swsh-start-deck-100) dump=jp-s-si.json scraped=419 fill=363
⚠ [backfill-jp-gamedata] --allow-protected: 동결 카드팩 수정 허용됨 — sm-decks
  jp-tcg-SM30A (sm-decks) dump=jp-sm-sm30a.json scraped=131 fill=104
  jp-tcg-SD (swsh-decks) dump=jp-s-sd.json scraped=127 fill=84
⚠ [backfill-jp-gamedata] --allow-protected: 동결 카드팩 수정 허용됨 — sv-white-flare
  jp-tcg-SV11W (sv-white-flare) dump=jp-sv11w.json scraped=174 fill=67
  jp-tcg-SH (swsh-decks) dump=jp-s-sh.json scraped=53 fill=31
⚠ [backfill-jp-gamedata] --allow-protected: 동결 카드팩 수정 허용됨 — sm-decks
  jp-tcg-SML (sm-decks) dump=jp-sm-sml.json scraped=51 fill=38
⚠ [backfill-jp-gamedata] --allow-protected: 동결 카드팩 수정 허용됨 — sm-decks
  jp-tcg-SMA (sm-decks) dump=jp-sm-sma.json scraped=59 fill=28
  jp-tcg-XY0 (xy-decks) dump=jp-xy-xy0.json scraped=39 fill=33
⚠ [backfill-jp-gamedata] --allow-protected: 동결 카드팩 수정 허용됨 — sm-decks
  jp-tcg-SMI (sm-decks) dump=jp-sm-smi.json scraped=38 fill=20
  jp-tcg-SJ (swsh-decks) dump=jp-s-sj.json scraped=30 fill=15
⚠ [backfill-jp-gamedata] --allow-protected: 동결 카드팩 수정 허용됨 — sm-decks
  jp-tcg-SMD (sm-decks) dump=jp-sm-smd.json scraped=26 fill=18
  jp-tcg-MG (bw-decks) dump=jp-bw-mg.json scraped=16 fill=0 ⚠nameMismatch=10
  jp-tcg-SO (swsh-decks) dump=jp-s-so.json scraped=30 fill=13
⚠ [backfill-jp-gamedata] --allow-protected: 동결 카드팩 수정 허용됨 — sm-decks
  jp-tcg-SMM (sm-decks) dump=jp-sm-smm.json scraped=31 fill=15
⚠ [backfill-jp-gamedata] --allow-protected: 동결 카드팩 수정 허용됨 — sm-decks
  jp-tcg-SMK (sm-decks) dump=jp-sm-smk.json scraped=31 fill=14
  jp-tcg-XYE (xy-decks) dump=jp-xy-xye.json scraped=22 fill=14
  jp-tcg-XYH (xy-decks) dump=jp-xy-xyh.json scraped=26 fill=13 ⚠nameMismatch=1
  jp-tcg-XYC (xy-decks) dump=jp-xy-xyc.json scraped=23 fill=12
  jp-tcg-SN (swsh-start-deck-100) dump=jp-s-sn.json scraped=24 fill=8
⚠ [backfill-jp-gamedata] --allow-protected: 동결 카드팩 수정 허용됨 — sm-decks
  jp-tcg-SMNP (sm-decks) dump=jp-sm-smnp.json scraped=35 fill=7
  jp-tcg-SGI (swsh-decks) dump=jp-s-sgi.json scraped=23 fill=7
  jp-tcg-SA (swsh-decks) dump=jp-s-sa.json scraped=24 fill=11
  jp-tcg-BGREX (bw-decks) dump=jp-bw-bgrex.json scraped=18 fill=10
  jp-tcg-SLD (swsh-decks) dump=jp-s-sld.json scraped=20 fill=10
  jp-tcg-SLL (swsh-decks) dump=jp-s-sll.json scraped=21 fill=9
⚠ [backfill-jp-gamedata] --allow-protected: 동결 카드팩 수정 허용됨 — sm-decks
  jp-tcg-SMC (sm-decks) dump=jp-sm-smc.json scraped=21 fill=7
⚠ [backfill-jp-gamedata] --allow-protected: 동결 카드팩 수정 허용됨 — sm-decks
  jp-tcg-SME (sm-decks) dump=jp-sm-sme.json scraped=21 fill=7
  jp-tcg-XYA (xy-decks) dump=jp-xy-xya.json scraped=21 fill=9 ⚠nameMismatch=1
  jp-tcg-XYG (xy-decks) dump=jp-xy-xyg.json scraped=19 fill=9
  jp-tcg-SBD (bw-decks) dump=jp-bw-sbd.json scraped=15 fill=9
  jp-tcg-GBD (bw-decks) dump=jp-bw-gbd.json scraped=15 fill=9
  jp-tcg-BGV (bw-decks) dump=jp-bw-bgv.json scraped=14 fill=8
  jp-tcg-BGC (bw-decks) dump=jp-bw-bgc.json scraped=14 fill=8
  jp-tcg-XYB (xy-decks) dump=jp-xy-xyb.json scraped=18 fill=7
  jp-tcg-SGG (swsh-decks) dump=jp-s-sgg.json scraped=20 fill=4
  jp-tcg-SPD (swsh-decks) dump=jp-s-spd.json scraped=20 fill=5
  jp-tcg-SPZ (swsh-decks) dump=jp-s-spz.json scraped=20 fill=5
  jp-tcg-BGT (bw-decks) dump=jp-bw-bgt.json scraped=14 fill=8
  jp-tcg-XY30B (xy-decks) dump=jp-xy-xy30b.json scraped=14 fill=5
  jp-tcg-GK (bw-decks) dump=jp-bw-gk.json scraped=18 fill=7
  jp-tcg-XYD (xy-decks) dump=jp-xy-xyd.json scraped=18 fill=6 ⚠nameMismatch=1
  jp-tcg-XY30 (xy-decks) dump=jp-xy-xy30.json scraped=14 fill=7
  jp-tcg-XYF (xy-decks) dump=jp-xy-xyf.json scraped=16 fill=7
  jp-tcg-SP6 (swsh-goods) dump=jp-s-sp6.json scraped=6 fill=6
  jp-tcg-BW6C (og-bw6c) dump=jp-bw6c.json scraped=59 fill=0
  jp-tcg-BW5B (og-bw5) dump=jp-bw5b.json scraped=50 fill=0
  jp-tcg-BW8T (og-bw8t) dump=jp-bw8t.json scraped=51 fill=0
  jp-tcg-BW8S (og-bw8) dump=jp-bw8s.json scraped=51 fill=0
  jp-tcg-BW5D (og-bw5d) dump=jp-bw5d.json scraped=50 fill=0
  jp-tcg-BW7 (og-bw7) dump=jp-bw7.json scraped=70 fill=0
  jp-tcg-BW6F (og-bw6) dump=jp-bw6f.json scraped=59 fill=0
  jp-tcg-SP1 (swsh-goods) dump=jp-s-sp1.json scraped=7 fill=4
  jp-tcg-SP2 (swsh-goods) dump=jp-s-sp2.json scraped=4 fill=4
  jp-tcg-SP4 (swsh-goods) dump=jp-s-sp4.json scraped=4 fill=4
  jp-tcg-UBD (xy-decks) dump=jp-xy-ubd.json scraped=10 fill=4
  jp-tcg-RBD (xy-decks) dump=jp-xy-rbd.json scraped=10 fill=4
  jp-tcg-SP5 (swsh-goods) dump=jp-s-sp5.json scraped=4 fill=3
  jp-tcg-SP3 (swsh-goods) dump=jp-s-sp3.json scraped=6 fill=2
  jp-tcg-DP6 (og-dp6) dump=jp-dp6.json scraped=92 fill=0
  jp-tcg-XY10 (og-xy10) dump=jp-xy10.json scraped=87 fill=0 ⚠nameMismatch=4
⚠ [backfill-jp-gamedata] --allow-protected: 동결 카드팩 수정 허용됨 — og-sm12a
  jp-tcg-SM12a (og-sm12a) dump=jp-sm12a.json scraped=210 fill=0 ⚠nameMismatch=17
⚠ [backfill-jp-gamedata] --allow-protected: 동결 카드팩 수정 허용됨 — og-sm8b
  jp-tcg-SM8b (og-sm8b) dump=jp-sm8b.json scraped=243 fill=0 ⚠nameMismatch=6
⚠ [backfill-jp-gamedata] --allow-protected: 동결 카드팩 수정 허용됨 — sv-paldean-fates
  jp-sv-paldean-fates (sv-paldean-fates) dump=jp-sv4a.json scraped=360 fill=0
  jp-tcg-XY9 (og-xy9) dump=jp-xy9.json scraped=88 fill=0 ⚠nameMismatch=4
⚠ [backfill-jp-gamedata] --allow-protected: 동결 카드팩 수정 허용됨 — sm-decks
  jp-tcg-SMN (sm-decks) dump=jp-sm-smn.json scraped=29 fill=0
  jp-tcg-SMXY (sm-best-of-xy) dump=jp-smxy.json scraped=186 fill=0 ⚠nameMismatch=13
  jp-tcg-XY8a (og-xy8a) dump=jp-xy8a.json scraped=64 fill=0 ⚠nameMismatch=4
  jp-tcg-PT4 (og-pl4) dump=jp-pt4.json scraped=90 fill=0

■ 완료: 68세트 · fill 1102장 ★적용됨
■ SKIP 50: jp-smp(no-dump), jp-tcg-XYP(no-dump), jp-s-p(no-dump), jp-bwp(no-dump), jp-svp(no-dump), jp-tcg-DPST1(no-dump), jp-wak(no-dump), jp-tcg-BWFS(no-dump), jp-hsz(no-dump), jp-hsp(no-dump), jp-hs-plus(no-dump), jp-mdb(no-dump), jp-tcg-M-P(empty-scrape), jp-s8a-p(no-dump), jp-extra-reg(no-dump), jp-clk(no-dump), jp-cll(no-dump), jp-clf(no-dump), jp-btv(no-dump), jp-wcs23(no-dump), jp-smp1(no-dump), jp-tcg-MP1(no-dump), jp-tcg-PD2(no-dump), jp-sa-fighting(no-dump), jp-sa-lightning(no-dump), jp-tcg-BGZ2(no-dump), jp-tcg-SEF(no-dump), jp-tcg-SEK(no-dump), jp-sk(no-dump), jp-sa-water(no-dump), jp-sa-grass(no-dump), jp-sa-fire(no-dump), jp-tcg-BGW2(no-dump), jp-tcg-BGB2(no-dump), jp-cs1(no-dump), jp-scr(no-dump), jp-scd(no-dump), jp-sc2(no-dump), jp-tcg-KD2(no-dump), jp-tcg-L-P(no-dump), jp-tcg-PSS2(no-dump), jp-tcg-TD2(no-dump), jp-sf(no-dump), jp-tcg-BD2(no-dump), jp-tcg-S8a-G(no-dump), jp-tcg-sn11(no-dump), jp-tcg-M1S(no-dump), jp-tcg-DP5A(empty-scrape), jp-tcg-sn10a(no-dump), jp-tcg-M1L(no-dump)
