■ 대상 JP세트 152개 ★APPLY
⚠ [backfill-jp-gamedata] --allow-protected: 동결 카드팩 수정 허용됨 — sv-white-flare
  jp-tcg-SV11W (sv-white-flare) dump=jp-sv11w.json scraped=72 fill=69
⚠ [backfill-jp-gamedata] --allow-protected: 동결 카드팩 수정 허용됨 — sv-twilight-masquerade
  jp-sv-twilight-masquerade (sv-twilight-masquerade) dump=jp-sv6.json scraped=133 fill=99
⚠ [backfill-jp-gamedata] --allow-protected: 동결 카드팩 수정 허용됨 — sv-ex-start-deck
  jp-tcg-SVD (sv-ex-start-deck) dump=jp-svd.json scraped=139 fill=95
⚠ [backfill-jp-gamedata] --allow-protected: 동결 카드팩 수정 허용됨 — sv-black-bolt-white-flare
  jp-tcg-SV11B (sv-black-bolt-white-flare) dump=jp-sv11b-images.json scraped=174 fill=90
⚠ [backfill-jp-gamedata] --allow-protected: 동결 카드팩 수정 허용됨 — sv-destined-rivals
  jp-sv-destined-rivals (sv-destined-rivals) dump=jp-sv10.json scraped=132 fill=89
⚠ [backfill-jp-gamedata] --allow-protected: 동결 카드팩 수정 허용됨 — sv-surging-sparks
  jp-sv-surging-sparks (sv-surging-sparks) dump=jp-sv8.json scraped=138 fill=85
⚠ [backfill-jp-gamedata] --allow-protected: 동결 카드팩 수정 허용됨 — sv-start-deck-generations
  jp-tcg-SVM (sv-start-deck-generations) dump=jp-svm.json scraped=175 fill=80
⚠ [backfill-jp-gamedata] --allow-protected: 동결 카드팩 수정 허용됨 — sv-cyber-judge
  jp-tcg-SV5M (sv-cyber-judge) dump=jp-sv5m.json scraped=100 fill=67
⚠ [backfill-jp-gamedata] --allow-protected: 동결 카드팩 수정 허용됨 — sv-temporal-forces
  jp-tcg-SV5K (sv-temporal-forces) dump=jp-sv5k.json scraped=100 fill=58
⚠ [backfill-jp-gamedata] --allow-protected: 동결 카드팩 수정 허용됨 — sv-shrouded-fable
  jp-sv-shrouded-fable (sv-shrouded-fable) dump=jp-sv6a.json scraped=94 fill=53
⚠ [backfill-jp-gamedata] --allow-protected: 동결 카드팩 수정 허용됨 — sv-decks
  jp-tcg-SVI (sv-decks) dump=jp-svi.json scraped=66 fill=26
⚠ [backfill-jp-gamedata] --allow-protected: 동결 카드팩 수정 허용됨 — sv-goods
  jp-tcg-SVK (sv-goods) dump=jp-svk.json scraped=44 fill=10
⚠ [backfill-jp-gamedata] --allow-protected: 동결 카드팩 수정 허용됨 — sv-decks
  jp-tcg-SVHM (sv-decks) dump=jp-svhm.json scraped=53 fill=4
⚠ [backfill-jp-gamedata] --allow-protected: 동결 카드팩 수정 허용됨 — sv-decks
  jp-tcg-SVHK (sv-decks) dump=jp-svhk.json scraped=53 fill=4
⚠ [backfill-jp-gamedata] --allow-protected: 동결 카드팩 수정 허용됨 — sv-decks
  jp-tcg-SVAM (sv-decks) dump=jp-svam.json scraped=23 fill=10
⚠ [backfill-jp-gamedata] --allow-protected: 동결 카드팩 수정 허용됨 — sv-goods
  jp-tcg-SVF (sv-goods) dump=jp-svf.json scraped=38 fill=3
⚠ [backfill-jp-gamedata] --allow-protected: 동결 카드팩 수정 허용됨 — sv-decks
  jp-tcg-SVEM (sv-decks) dump=jp-svem.json scraped=20 fill=9
⚠ [backfill-jp-gamedata] --allow-protected: 동결 카드팩 수정 허용됨 — sv-decks
  jp-tcg-SVC (sv-decks) dump=jp-svc.json scraped=21 fill=7
⚠ [backfill-jp-gamedata] --allow-protected: 동결 카드팩 수정 허용됨 — sv-decks
  jp-tcg-SVJL (sv-decks) dump=jp-svjl.json scraped=21 fill=5
⚠ [backfill-jp-gamedata] --allow-protected: 동결 카드팩 수정 허용됨 — sv-decks
  jp-tcg-SVJP (sv-decks) dump=jp-svjp.json scraped=19 fill=5
⚠ [backfill-jp-gamedata] --allow-protected: 동결 카드팩 수정 허용됨 — mega-decks
  jp-tcg-MBG (mega-decks) dump=jp-mbg.json scraped=22 fill=7
⚠ [backfill-jp-gamedata] --allow-protected: 동결 카드팩 수정 허용됨 — mega-decks
  jp-tcg-MBD (mega-decks) dump=jp-mbd.json scraped=22 fill=7
⚠ [backfill-jp-gamedata] --allow-protected: 동결 카드팩 수정 허용됨 — sv-decks
  jp-tcg-SVAL (sv-decks) dump=jp-sval.json scraped=21 fill=8
⚠ [backfill-jp-gamedata] --allow-protected: 동결 카드팩 수정 허용됨 — sv-goods
  jp-tcg-SVP1 (sv-goods) dump=jp-svp1.json scraped=7 fill=7
⚠ [backfill-jp-gamedata] --allow-protected: 동결 카드팩 수정 허용됨 — sv-decks
  jp-tcg-SVAW (sv-decks) dump=jp-svaw.json scraped=23 fill=6
⚠ [backfill-jp-gamedata] --allow-protected: 동결 카드팩 수정 허용됨 — sv-decks
  jp-tcg-SVEL (sv-decks) dump=jp-svel.json scraped=20 fill=6
⚠ [backfill-jp-gamedata] --allow-protected: 동결 카드팩 수정 허용됨 — sv-decks
  jp-tcg-SVOD (sv-decks) dump=jp-svod.json scraped=19 fill=7
  jp-tcg-BW6C (og-bw6c) dump=jp-bw6c.json scraped=59 fill=11
⚠ [backfill-jp-gamedata] --allow-protected: 동결 카드팩 수정 허용됨 — mega-goods
  jp-tcg-MA (mega-goods) dump=jp-ma.json scraped=43 fill=2
  jp-tcg-BW8T (og-bw8t) dump=jp-bw8t.json scraped=51 fill=6
  jp-tcg-BW5B (og-bw5) dump=jp-bw5b.json scraped=50 fill=8
  jp-tcg-BW5D (og-bw5d) dump=jp-bw5d.json scraped=50 fill=11
  jp-tcg-BW8S (og-bw8) dump=jp-bw8s.json scraped=51 fill=8
⚠ [backfill-jp-gamedata] --allow-protected: 동결 카드팩 수정 허용됨 — sv-decks
  jp-tcg-SVLS (sv-decks) dump=jp-svls.json scraped=22 fill=5
⚠ [backfill-jp-gamedata] --allow-protected: 동결 카드팩 수정 허용됨 — sv-decks
  jp-tcg-SVOM (sv-decks) dump=jp-svom.json scraped=20 fill=5
  jp-tcg-BW6F (og-bw6) dump=jp-bw6f.json scraped=59 fill=11
  jp-tcg-BW7 (og-bw7) dump=jp-bw7.json scraped=70 fill=13
⚠ [backfill-jp-gamedata] --allow-protected: 동결 카드팩 수정 허용됨 — sv-decks
  jp-tcg-SVLN (sv-decks) dump=jp-svln.json scraped=22 fill=4
⚠ [backfill-jp-gamedata] --allow-protected: 동결 카드팩 수정 허용됨 — sv-goods
  jp-tcg-SVN (sv-goods) dump=jp-svn.json scraped=45 fill=0
⚠ [backfill-jp-gamedata] --allow-protected: 동결 카드팩 수정 허용됨 — sv-goods
  jp-tcg-SVB (sv-goods) dump=jp-svb.json scraped=28 fill=2
  jp-tcg-XY10 (og-xy10) dump=jp-xy10.json scraped=87 fill=21
⚠ [backfill-jp-gamedata] --allow-protected: 동결 카드팩 수정 허용됨 — og-sm12a
  jp-tcg-SM12a (og-sm12a) dump=jp-sm12a.json scraped=210 fill=93
⚠ [backfill-jp-gamedata] --allow-protected: 동결 카드팩 수정 허용됨 — og-sm8b
  jp-tcg-SM8b (og-sm8b) dump=jp-sm8b.json scraped=243 fill=94
  jp-tcg-DP6 (og-dp6) dump=jp-dp6.json scraped=92 fill=12
  jp-tcg-PT4 (og-pl4) dump=jp-pt4.json scraped=90 fill=8
  jp-tcg-SMXY (sm-best-of-xy) dump=jp-smxy.json scraped=186 fill=108
  jp-tcg-XY8a (og-xy8a) dump=jp-xy8a.json scraped=64 fill=9
  jp-tcg-XY9 (og-xy9) dump=jp-xy9.json scraped=88 fill=15
⚠ [backfill-jp-gamedata] --allow-protected: 동결 카드팩 수정 허용됨 — sv-paldean-fates
  jp-sv-paldean-fates (sv-paldean-fates) dump=jp-sv4a.json scraped=360 fill=0

■ 완료: 49세트 · fill 1362장 ★적용됨
■ SKIP 103: jp-tcg-SI(no-dump), jp-smp(no-dump), jp-tcg-XYP(no-dump), jp-s-p(no-dump), jp-bwp(no-dump), jp-svp(no-dump), jp-tcg-SM30A(no-dump), jp-tcg-DPST1(no-dump), jp-tcg-SD(no-dump), jp-wak(no-dump), jp-tcg-SH(no-dump), jp-tcg-SML(no-dump), jp-tcg-SMA(no-dump), jp-tcg-XY0(no-dump), jp-tcg-BWFS(no-dump), jp-hsz(no-dump), jp-hsp(no-dump), jp-hs-plus(no-dump), jp-mdb(no-dump), jp-tcg-M-P(empty-scrape), jp-s8a-p(no-dump), jp-extra-reg(no-dump), jp-tcg-SMI(no-dump), jp-tcg-SJ(no-dump), jp-tcg-SMD(no-dump), jp-clk(no-dump), jp-cll(no-dump), jp-clf(no-dump), jp-tcg-SO(no-dump), jp-tcg-SMM(no-dump), jp-tcg-MG(no-dump), jp-btv(no-dump), jp-tcg-SMK(no-dump), jp-wcs23(no-dump), jp-tcg-XYE(no-dump), jp-tcg-XYH(no-dump), jp-smp1(no-dump), jp-tcg-SN(no-dump), jp-tcg-XYC(no-dump), jp-tcg-MP1(no-dump), jp-tcg-SMNP(no-dump), jp-tcg-SGI(no-dump), jp-sa-fighting(no-dump), jp-tcg-PD2(no-dump), jp-tcg-SA(no-dump), jp-sa-lightning(no-dump), jp-tcg-SEF(no-dump), jp-tcg-SLL(no-dump), jp-tcg-SLD(no-dump), jp-tcg-SEK(no-dump), jp-sa-fire(no-dump), jp-tcg-SME(no-dump), jp-sa-grass(no-dump), jp-sa-water(no-dump), jp-tcg-SMC(no-dump), jp-sk(no-dump), jp-tcg-BGREX(no-dump), jp-tcg-XYA(no-dump), jp-tcg-BGZ2(no-dump), jp-tcg-SV2D(no-dump), jp-tcg-BGW2(no-dump), jp-tcg-XYG(no-dump), jp-tcg-GBD(no-dump), jp-tcg-BGB2(no-dump), jp-tcg-SBD(no-dump), jp-cs1(no-dump), jp-tcg-PSS2(no-dump), jp-tcg-L-P(no-dump), jp-tcg-KD2(no-dump), jp-tcg-SPZ(no-dump), jp-tcg-BGC(no-dump), jp-tcg-SPD(no-dump), jp-tcg-XYB(no-dump), jp-tcg-BGT(no-dump), jp-tcg-BGV(no-dump), jp-sc2(no-dump), jp-scd(no-dump), jp-scr(no-dump), jp-tcg-SGG(no-dump), jp-sf(no-dump), jp-tcg-BD2(no-dump), jp-tcg-GK(no-dump), jp-tcg-TD2(no-dump), jp-tcg-XY30(no-dump), jp-tcg-XY30B(no-dump), jp-tcg-XYD(no-dump), jp-tcg-XYF(no-dump), jp-tcg-SP6(no-dump), jp-tcg-SV2P(no-dump), jp-tcg-S8a-G(no-dump), jp-tcg-sn11(no-dump), jp-tcg-RBD(no-dump), jp-tcg-UBD(no-dump), jp-tcg-SP4(no-dump), jp-tcg-SP2(no-dump), jp-tcg-SP1(no-dump), jp-tcg-SP5(no-dump), jp-tcg-M1S(no-dump), jp-tcg-DP5A(empty-scrape), jp-tcg-SP3(no-dump), jp-tcg-SMN(no-dump), jp-tcg-M1L(no-dump), jp-tcg-sn10a(no-dump)
