APPLY migrate-images-to-r2  lang=ko era=- set=- limit=∞ conc=6 thumbW=245
  대상 카드(외부 large 보유): 17594
⚠ [migrate-images-to-r2] --allow-protected: 동결 카드팩 수정 허용됨 — mega-brave-symphonia, mega-symphonia, mega-infernox, mega-dream-ex, mega-munikisuzero, mega-ninja-spinner, mega-goods, mega-decks, mega-start-deck-100, og-s10d, og-s10a, og-s10b, og-s10p, og-s11, og-s11a, og-s12, og-s12a, og-s9, og-s9a, og-sm1+, og-sm10, og-sn10a, og-sm10b, og-sn11, og-sm11a, og-sm11b, og-sm12, og-sm12a, og-sm1m, og-sm1s, og-sm2+, og-sm2k, og-sm2l, og-sm3+, sm-decks, og-sm3h, og-sm3n, og-sm4+, og-sm4a, og-sm4s, og-sm5+, og-sm5m, og-sm5s, og-sm6, og-sm6a, og-sm6b, og-sm7, og-sm7a, og-sm7b, og-sm8, og-sm8a, og-sm8b, og-sm9, og-sm9a, og-sm9b, og-smp2, sv-151, sv-destined-rivals, sv-black-bolt-white-flare, sv-white-flare, sv-triplet-beat, sv-paldea-evolved, sv-snow-hazard, sv-obsidian-flames, sv-raging-surf, sv-paldean-fates, sv-paradox-rift, sv-future-flash, sv-crimson-haze, sv-temporal-forces, sv-cyber-judge, sv-twilight-masquerade, sv-shrouded-fable, sv-stellar-crown, sv-paradise-dragona, sv-surging-sparks, sv-prismatic-evolutions, sv-journey-together, sv-heatwave-arena, sv-decks, sv-goods, sv-ex-start-deck, sv-start-deck-generations
  충돌분리(regionCardId) 적용 카드: 82
  [100/17594] dl=100 resume=0 fail=0 6.2MB
  [200/17594] dl=200 resume=0 fail=0 13.9MB
  [300/17594] dl=300 resume=0 fail=0 22.3MB
  [400/17594] dl=400 resume=0 fail=0 31.2MB
  [500/17594] dl=500 resume=0 fail=0 40.4MB
  [600/17594] dl=600 resume=0 fail=0 49.0MB
  [700/17594] dl=700 resume=0 fail=0 57.1MB
  [800/17594] dl=800 resume=0 fail=0 63.2MB
  [900/17594] dl=900 resume=0 fail=0 71.5MB
  [1000/17594] dl=1000 resume=0 fail=0 80.8MB
  [1100/17594] dl=1100 resume=0 fail=0 90.2MB
  [1200/17594] dl=1200 resume=0 fail=0 99.4MB
  [1300/17594] dl=1301 resume=0 fail=0 108.8MB
  [1400/17594] dl=1400 resume=0 fail=0 118.6MB
  [1500/17594] dl=1500 resume=0 fail=0 130.3MB
  [1600/17594] dl=1600 resume=0 fail=0 139.9MB
  [1700/17594] dl=1700 resume=0 fail=0 148.1MB
  [1800/17594] dl=1800 resume=0 fail=0 155.6MB
  [1900/17594] dl=1900 resume=0 fail=0 163.2MB
  [2000/17594] dl=1999 resume=0 fail=1 169.2MB
  [2100/17594] dl=2099 resume=0 fail=1 266.7MB
  [2200/17594] dl=2199 resume=0 fail=1 432.5MB
  [2300/17594] dl=2299 resume=0 fail=1 603.1MB
  [2400/17594] dl=2399 resume=0 fail=1 783.5MB
  [2500/17594] dl=2499 resume=0 fail=1 938.9MB
  [2600/17594] dl=2599 resume=0 fail=1 1104.3MB
  [2700/17594] dl=2699 resume=0 fail=1 1263.0MB
  [2800/17594] dl=2799 resume=0 fail=1 1423.2MB
  [2900/17594] dl=2899 resume=0 fail=1 1536.2MB
  [3000/17594] dl=3000 resume=0 fail=1 1697.4MB
  [3100/17594] dl=3099 resume=0 fail=1 1864.0MB
  [3200/17594] dl=3199 resume=0 fail=1 2015.5MB
  [3300/17594] dl=3299 resume=0 fail=1 2178.8MB
  [3400/17594] dl=3399 resume=0 fail=1 2340.6MB
  [3500/17594] dl=3499 resume=0 fail=1 2488.0MB
  [3600/17594] dl=3599 resume=0 fail=1 2584.6MB
  [3700/17594] dl=3699 resume=0 fail=1 2691.2MB
  [3800/17594] dl=3799 resume=0 fail=1 2817.2MB
  [3900/17594] dl=3899 resume=0 fail=1 2914.8MB
  [4000/17594] dl=3999 resume=0 fail=1 3045.3MB
  [4100/17594] dl=4099 resume=0 fail=1 3202.8MB
  [4200/17594] dl=4199 resume=0 fail=1 3378.8MB
  [4300/17594] dl=4299 resume=0 fail=1 3559.4MB
  [4400/17594] dl=4399 resume=0 fail=1 3727.9MB
  [4500/17594] dl=4499 resume=0 fail=1 3895.2MB
  [4600/17594] dl=4599 resume=0 fail=1 4073.3MB
  [4700/17594] dl=4699 resume=0 fail=1 4248.3MB
  [4800/17594] dl=4799 resume=0 fail=1 4408.9MB
  [4900/17594] dl=4899 resume=0 fail=1 4584.3MB
  [5000/17594] dl=4999 resume=0 fail=1 4719.6MB
  [5100/17594] dl=5099 resume=0 fail=1 4914.3MB
  [5200/17594] dl=5199 resume=0 fail=1 5071.8MB
  [5300/17594] dl=5299 resume=0 fail=1 5227.8MB
  [5400/17594] dl=5399 resume=0 fail=1 5376.0MB
  [5500/17594] dl=5499 resume=0 fail=1 5538.7MB
  [5600/17594] dl=5599 resume=0 fail=1 5698.0MB
  [5700/17594] dl=5699 resume=0 fail=1 5851.2MB
  [5800/17594] dl=5799 resume=0 fail=1 6002.5MB
  [5900/17594] dl=5899 resume=0 fail=1 6163.0MB
  [6000/17594] dl=5999 resume=0 fail=1 6303.9MB
  [6100/17594] dl=6099 resume=0 fail=1 6477.9MB
  [6200/17594] dl=6200 resume=0 fail=1 6651.5MB
  [6300/17594] dl=6299 resume=0 fail=1 6814.1MB
  [6400/17594] dl=6399 resume=0 fail=1 6973.1MB
  [6500/17594] dl=6499 resume=0 fail=1 7075.3MB
  [6600/17594] dl=6599 resume=0 fail=1 7173.8MB
  [6700/17594] dl=6699 resume=0 fail=1 7329.0MB
  [6800/17594] dl=6799 resume=0 fail=1 7480.6MB
  [6900/17594] dl=6899 resume=0 fail=1 7630.7MB
  [7000/17594] dl=6999 resume=0 fail=1 7780.2MB
  [7100/17594] dl=7099 resume=0 fail=1 7947.3MB
  [7200/17594] dl=7199 resume=0 fail=1 8118.0MB
  [7300/17594] dl=7300 resume=0 fail=1 8256.2MB
  [7400/17594] dl=7399 resume=0 fail=1 8333.7MB
  [7500/17594] dl=7499 resume=0 fail=1 8464.6MB
  [7600/17594] dl=7599 resume=0 fail=1 8596.5MB
  [7700/17594] dl=7699 resume=0 fail=1 8749.2MB
  [7800/17594] dl=7799 resume=0 fail=1 8910.4MB
  [7900/17594] dl=7899 resume=0 fail=1 9062.1MB
  [8000/17594] dl=7999 resume=0 fail=1 9170.6MB
  [8100/17594] dl=8099 resume=0 fail=1 9312.1MB
  [8200/17594] dl=8199 resume=0 fail=1 9460.1MB
  [8300/17594] dl=8299 resume=0 fail=1 9619.5MB
  [8400/17594] dl=8399 resume=0 fail=1 9777.9MB
  [8500/17594] dl=8499 resume=0 fail=1 9925.5MB
  [8600/17594] dl=8599 resume=0 fail=1 10075.2MB
  [8700/17594] dl=8699 resume=0 fail=1 10235.7MB
  [8800/17594] dl=8799 resume=0 fail=1 10396.8MB
  [8900/17594] dl=8899 resume=0 fail=1 10533.3MB
  [9000/17594] dl=8999 resume=0 fail=1 10690.3MB
  [9100/17594] dl=9099 resume=0 fail=1 10840.2MB
  [9200/17594] dl=9199 resume=0 fail=1 11001.0MB
  [9300/17594] dl=9299 resume=0 fail=1 11149.7MB
  [9400/17594] dl=9399 resume=0 fail=1 11296.7MB
  [9500/17594] dl=9499 resume=0 fail=1 11450.8MB
  [9600/17594] dl=9599 resume=0 fail=1 11599.1MB
  [9700/17594] dl=9699 resume=0 fail=1 11756.5MB
  [9800/17594] dl=9799 resume=0 fail=1 11902.3MB
  [9900/17594] dl=9899 resume=0 fail=1 12053.3MB
  [10000/17594] dl=9999 resume=0 fail=1 12205.1MB
  [10100/17594] dl=10099 resume=0 fail=1 12340.6MB
  [10200/17594] dl=10199 resume=0 fail=1 12489.9MB
  [10300/17594] dl=10299 resume=0 fail=1 12645.7MB
  [10400/17594] dl=10399 resume=0 fail=1 12787.3MB
  [10500/17594] dl=10499 resume=0 fail=1 12942.4MB
  [10600/17594] dl=10600 resume=0 fail=1 13082.8MB
  [10700/17594] dl=10699 resume=0 fail=1 13243.3MB
  [10800/17594] dl=10799 resume=0 fail=1 13392.3MB
  [10900/17594] dl=10899 resume=0 fail=1 13562.3MB
  [11000/17594] dl=10999 resume=0 fail=1 13709.3MB
  [11100/17594] dl=11099 resume=0 fail=1 13861.4MB
  [11200/17594] dl=11199 resume=0 fail=1 13983.4MB
  [11300/17594] dl=11299 resume=0 fail=1 14107.4MB
  [11400/17594] dl=11399 resume=0 fail=1 14224.0MB
  [11500/17594] dl=11499 resume=0 fail=1 14372.3MB
  [11600/17594] dl=11600 resume=0 fail=1 14507.3MB
  [11700/17594] dl=11699 resume=0 fail=1 14647.4MB
  [11800/17594] dl=11799 resume=0 fail=1 14718.1MB
  [11900/17594] dl=11899 resume=0 fail=1 14826.1MB
  [12000/17594] dl=11999 resume=0 fail=1 14982.1MB
  [12100/17594] dl=12099 resume=0 fail=1 15166.0MB
  [12200/17594] dl=12199 resume=0 fail=1 15323.4MB
  [12300/17594] dl=12299 resume=0 fail=1 15481.2MB
  [12400/17594] dl=12399 resume=0 fail=1 15649.0MB
  [12500/17594] dl=12499 resume=0 fail=1 15800.4MB
  [12600/17594] dl=12599 resume=0 fail=1 15893.5MB
  [12700/17594] dl=12699 resume=0 fail=1 16030.4MB
  [12800/17594] dl=12799 resume=0 fail=1 16194.5MB
  [12900/17594] dl=12899 resume=0 fail=1 16370.7MB
  [13000/17594] dl=12999 resume=0 fail=1 16534.3MB
  [13100/17594] dl=13099 resume=0 fail=1 16699.7MB
  [13200/17594] dl=13199 resume=0 fail=1 16866.2MB
  [13300/17594] dl=13299 resume=0 fail=1 17009.9MB
  [13400/17594] dl=13399 resume=0 fail=1 17193.3MB
  [13500/17594] dl=13499 resume=0 fail=1 17370.4MB
  [13600/17594] dl=13599 resume=0 fail=1 17538.7MB
  [13700/17594] dl=13699 resume=0 fail=1 17705.6MB
  [13800/17594] dl=13799 resume=0 fail=1 17877.8MB
  [13900/17594] dl=13899 resume=0 fail=1 18038.4MB
  [14000/17594] dl=13999 resume=0 fail=1 18204.6MB
  [14100/17594] dl=14099 resume=0 fail=1 18369.9MB
  [14200/17594] dl=14199 resume=0 fail=1 18538.2MB
  [14300/17594] dl=14299 resume=0 fail=1 18709.6MB
  [14400/17594] dl=14399 resume=0 fail=1 18870.6MB
  [14500/17594] dl=14499 resume=0 fail=1 19037.8MB
  [14600/17594] dl=14599 resume=0 fail=1 19219.5MB
  [14700/17594] dl=14699 resume=0 fail=1 19365.2MB
  [14800/17594] dl=14799 resume=0 fail=1 19547.2MB
  [14900/17594] dl=14899 resume=0 fail=1 19709.8MB
  [15000/17594] dl=14999 resume=0 fail=1 19856.8MB
  [15100/17594] dl=15099 resume=0 fail=1 19961.7MB
  [15200/17594] dl=15199 resume=0 fail=1 20116.6MB
  [15300/17594] dl=15299 resume=0 fail=1 20220.5MB
  [15400/17594] dl=15399 resume=0 fail=1 20343.4MB
  [15500/17594] dl=15499 resume=0 fail=1 20444.2MB
  [15600/17594] dl=15599 resume=0 fail=1 20573.1MB
  [15700/17594] dl=15699 resume=0 fail=1 20684.0MB
  [15800/17594] dl=15799 resume=0 fail=1 20837.7MB
  [15900/17594] dl=15899 resume=0 fail=1 20950.7MB
  [16000/17594] dl=15999 resume=0 fail=1 21054.9MB
  [16100/17594] dl=16099 resume=0 fail=1 21086.0MB
  [16200/17594] dl=16198 resume=0 fail=2 21230.3MB
  [16300/17594] dl=16298 resume=0 fail=2 21287.7MB
  [16400/17594] dl=16398 resume=0 fail=2 21384.4MB
  [16500/17594] dl=16498 resume=0 fail=2 21392.6MB
  [16600/17594] dl=16598 resume=0 fail=2 21404.5MB
  [16700/17594] dl=16698 resume=0 fail=2 21414.7MB
  [16800/17594] dl=16798 resume=0 fail=2 21424.2MB
  [16900/17594] dl=16898 resume=0 fail=2 21436.7MB
  [17000/17594] dl=16998 resume=0 fail=2 21449.3MB
  [17100/17594] dl=17098 resume=0 fail=2 21461.2MB
  [17200/17594] dl=17199 resume=0 fail=2 21473.7MB
  [17300/17594] dl=17298 resume=0 fail=2 21486.3MB
  [17400/17594] dl=17398 resume=0 fail=2 21495.2MB
  [17500/17594] dl=17498 resume=0 fail=2 21502.2MB

=== 결과 ===
  카드 17594 | 신규=17592 재개스킵=0 실패=2
  다운로드 21510.0MB (21.006GB)
  실패 로그: tmp/r2-migration-failed.json (재실행하면 멱등 재시도)
