■ M-P 전수 스캔(robust) | pg 10960..11200 | 기존 DB 70장
  pg=10967 p1/1 hit=7 M-P=7
  pg=10969 p1/1 hit=6 M-P=6
  pg=10971 p1/1 hit=8 M-P=8
  pg=10972 p1/1 hit=2 M-P=2
  pg=10973 p1/1 hit=3 M-P=3
  pg=10974 p1/1 hit=11 M-P=11
  pg=10975 p1/1 hit=8 M-P=8
  pg=10976 p1/1 hit=1 M-P=1
  pg=10977 p1/1 hit=1 M-P=1
  pg=10978 p1/1 hit=7 M-P=7
  pg=10980 p1/1 hit=25 M-P=23
  pg=10991 p1/1 hit=13 M-P=5
  pg=10992 p1/1 hit=4 M-P=4
  pg=10993 p1/1 hit=7 M-P=7
  pg=10994 p1/1 hit=3 M-P=3
  pg=10995 p1/1 hit=3 M-P=3
  pg=10996 p1/1 hit=3 M-P=3
  pg=10997 p1/1 hit=7 M-P=7
  pg=10998 p1/1 hit=2 M-P=2
  pg=10999 p1/1 hit=3 M-P=3
  pg=11000 p1/1 hit=1 M-P=1

  스캔 완료: M-P cardID 114개

=== 공식(pokemon-card.com) M-P 인벤토리 ===
번호 있는 M-P 카드: 76장 (번호 범위 001~133)
신규(기존DB 미보유): 6장 → 053,054,057,061,063,133
번호 없는 M-P(勝利のしるし 등): 38장
001~123 중 공식에 없는 번호: 48개 → 052,055,056,058,059,060,062,064,065,077,078,079,080,081,082,083,084,087,088,089,090,091,092,093,094,101,102,103,104,105,106,107,108,109,110,111,112,113,114,115,116,117,118,119,120,121,122,123
→ data/jp-official/jp-m-p-rescan.json
