[    6699ms] [ERROR] Failed to load resource: net::ERR_CONNECTION_CLOSED @ https://opgg.rybbit.com/api/site/tracking-config/5f36eb42971f:0
[    6701ms] [WARNING] Error fetching tracking config: TypeError: Failed to fetch
    at oe (https://opgg.rybbit.com/api/script.js:1:3549)
    at https://opgg.rybbit.com/api/script.js:1:24562
    at https://opgg.rybbit.com/api/script.js:1:26711
    at https://opgg.rybbit.com/api/script.js:1:26716 @ https://opgg.rybbit.com/api/script.js:0
[    9266ms] [LOG] GTM Consent Measurement Tag - Initialized on: https://op.gg/lol/modes/aram @ :0
[    9377ms] [LOG] Checking stored consent data: {acceptanceState: null, gbcConsent: null, euconsent: null} @ :1
[    9430ms] [LOG] AdBlock check: GOOD @ :0
[    9480ms] [LOG] Checking stored consent data: {acceptanceState: null, gbcConsent: null, euconsent: null} @ :1
[    9583ms] [LOG] Checking stored consent data: {acceptanceState: null, gbcConsent: null, euconsent: null} @ :1
[    9684ms] [LOG] Checking stored consent data: {acceptanceState: null, gbcConsent: null, euconsent: null} @ :1
[    9784ms] [LOG] Checking stored consent data: {acceptanceState: null, gbcConsent: null, euconsent: null} @ :1
[    9889ms] [LOG] Checking stored consent data: {acceptanceState: null, gbcConsent: null, euconsent: null} @ :1
[    9989ms] [LOG] Checking stored consent data: {acceptanceState: null, gbcConsent: null, euconsent: null} @ :1
[   10090ms] [LOG] Checking stored consent data: {acceptanceState: null, gbcConsent: null, euconsent: null} @ :1
[   10191ms] [LOG] Checking stored consent data: {acceptanceState: null, gbcConsent: null, euconsent: null} @ :1
[   10292ms] [LOG] Checking stored consent data: {acceptanceState: null, gbcConsent: null, euconsent: null} @ :1
[   10392ms] [LOG] Checking stored consent data: {acceptanceState: null, gbcConsent: null, euconsent: null} @ :1
[   10493ms] [LOG] Checking stored consent data: {acceptanceState: null, gbcConsent: null, euconsent: null} @ :1
[   10594ms] [LOG] Checking stored consent data: {acceptanceState: null, gbcConsent: null, euconsent: null} @ :1
[   10694ms] [LOG] Checking stored consent data: {acceptanceState: null, gbcConsent: null, euconsent: null} @ :1
[   10795ms] [LOG] Checking stored consent data: {acceptanceState: null, gbcConsent: null, euconsent: null} @ :1
[   10896ms] [LOG] Checking stored consent data: {acceptanceState: null, gbcConsent: null, euconsent: null} @ :1
[   10997ms] [LOG] Checking stored consent data: {acceptanceState: null, gbcConsent: null, euconsent: null} @ :1
[   11098ms] [LOG] Checking stored consent data: {acceptanceState: null, gbcConsent: null, euconsent: null} @ :1
[   11199ms] [LOG] Checking stored consent data: {acceptanceState: null, gbcConsent: null, euconsent: null} @ :1
[   11300ms] [LOG] Checking stored consent data: {acceptanceState: null, gbcConsent: null, euconsent: null} @ :1
[   11401ms] [LOG] Checking stored consent data: {acceptanceState: null, gbcConsent: null, euconsent: null} @ :1
[   11501ms] [LOG] Checking stored consent data: {acceptanceState: null, gbcConsent: null, euconsent: null} @ :1
[   11602ms] [LOG] Checking stored consent data: {acceptanceState: null, gbcConsent: null, euconsent: null} @ :1
[   11706ms] [LOG] Checking stored consent data: {acceptanceState: null, gbcConsent: null, euconsent: null} @ :1
[   11807ms] [LOG] Checking stored consent data: {acceptanceState: null, gbcConsent: null, euconsent: null} @ :1
[   11907ms] [LOG] Checking stored consent data: {acceptanceState: null, gbcConsent: null, euconsent: null} @ :1
[   12008ms] [LOG] Checking stored consent data: {acceptanceState: null, gbcConsent: null, euconsent: null} @ :1
[   12109ms] [LOG] Checking stored consent data: {acceptanceState: null, gbcConsent: null, euconsent: null} @ :1
[   12210ms] [LOG] Checking stored consent data: {acceptanceState: null, gbcConsent: null, euconsent: null} @ :1
[   12311ms] [LOG] Checking stored consent data: {acceptanceState: null, gbcConsent: null, euconsent: null} @ :1
[   12412ms] [LOG] Checking stored consent data: {acceptanceState: null, gbcConsent: null, euconsent: null} @ :1
[   12513ms] [LOG] Checking stored consent data: {acceptanceState: null, gbcConsent: null, euconsent: null} @ :1
[   12614ms] [LOG] Checking stored consent data: {acceptanceState: null, gbcConsent: null, euconsent: null} @ :1
[   12715ms] [LOG] Checking stored consent data: {acceptanceState: null, gbcConsent: null, euconsent: null} @ :1
[   12817ms] [LOG] Checking stored consent data: {acceptanceState: null, gbcConsent: null, euconsent: null} @ :1
[   12918ms] [LOG] Checking stored consent data: {acceptanceState: null, gbcConsent: null, euconsent: null} @ :1
[   13018ms] [LOG] Checking stored consent data: {acceptanceState: null, gbcConsent: null, euconsent: null} @ :1
[   13119ms] [LOG] Checking stored consent data: {acceptanceState: null, gbcConsent: null, euconsent: null} @ :1
[   13220ms] [LOG] Checking stored consent data: {acceptanceState: null, gbcConsent: null, euconsent: null} @ :1
[   13327ms] [LOG] Checking stored consent data: {acceptanceState: null, gbcConsent: null, euconsent: null} @ :1
[   13428ms] [LOG] Checking stored consent data: {acceptanceState: null, gbcConsent: null, euconsent: null} @ :1
[   13529ms] [LOG] Checking stored consent data: {acceptanceState: null, gbcConsent: null, euconsent: null} @ :1
[   13630ms] [LOG] Checking stored consent data: {acceptanceState: null, gbcConsent: null, euconsent: null} @ :1
[   13732ms] [LOG] Checking stored consent data: {acceptanceState: null, gbcConsent: null, euconsent: null} @ :1
[   13834ms] [LOG] Checking stored consent data: {acceptanceState: null, gbcConsent: null, euconsent: null} @ :1
[   13935ms] [LOG] Checking stored consent data: {acceptanceState: null, gbcConsent: null, euconsent: null} @ :1
[   14036ms] [LOG] Checking stored consent data: {acceptanceState: null, gbcConsent: null, euconsent: null} @ :1
[   14143ms] [LOG] Checking stored consent data: {acceptanceState: null, gbcConsent: null, euconsent: null} @ :1
[   14245ms] [LOG] Checking stored consent data: {acceptanceState: null, gbcConsent: null, euconsent: null} @ :1
[   14346ms] [LOG] Checking stored consent data: {acceptanceState: null, gbcConsent: null, euconsent: null} @ :1
[   14446ms] [LOG] Checking stored consent data: {acceptanceState: null, gbcConsent: null, euconsent: null} @ :1
[   15518ms] [LOG] Checking stored consent data: {acceptanceState: null, gbcConsent: null, euconsent: null} @ :1
[   15619ms] [LOG] Checking stored consent data: {acceptanceState: null, gbcConsent: null, euconsent: null} @ :1
[   15720ms] [LOG] Checking stored consent data: {acceptanceState: null, gbcConsent: null, euconsent: null} @ :1
[   15821ms] [LOG] Checking stored consent data: {acceptanceState: null, gbcConsent: null, euconsent: null} @ :1
[   15927ms] [LOG] Checking stored consent data: {acceptanceState: null, gbcConsent: null, euconsent: null} @ :1
[   16028ms] [LOG] Checking stored consent data: {acceptanceState: null, gbcConsent: null, euconsent: null} @ :1
[   16129ms] [LOG] Checking stored consent data: {acceptanceState: null, gbcConsent: null, euconsent: null} @ :1
[   16230ms] [LOG] Checking stored consent data: {acceptanceState: null, gbcConsent: null, euconsent: null} @ :1
[   16331ms] [LOG] Checking stored consent data: {acceptanceState: null, gbcConsent: null, euconsent: null} @ :1
[   16331ms] [LOG] MAX TRIES REACHED - No CMP found, treating as no consent @ :1
