[    2792ms] [ERROR] Failed to load resource: the server responded with a status of 503 () @ https://icu.gg/css/Admin.629c9a6f.css:0
[    2795ms] [ERROR] Failed to load resource: the server responded with a status of 503 () @ https://icu.gg/css/Admin~Auth~Board~Card~Collection~Common~Contact~Deck~Mypage~Pointmall~Policy~Trade~league~official_league.d96d05cd.css:0
[    2796ms] [ERROR] Failed to load resource: the server responded with a status of 503 () @ https://icu.gg/css/Admin~Auth~Board~Card~Collection~Common~Contact~Deck~Mypage~Pointmall~Policy~Trade~official_league.9d77e948.css:0
[    2797ms] [ERROR] Failed to load resource: the server responded with a status of 503 () @ https://icu.gg/css/Admin~Auth~Board~Card~Common~Contact~Deck~Mypage~Pointmall~Policy~Trade~league~official_league.26336169.css:0
[    2798ms] [ERROR] Failed to load resource: the server responded with a status of 503 () @ https://icu.gg/css/Admin~Board~Card~Collection~Common~Contact~Deck~Mypage~Pointmall~Policy~Trade~league~official_league.e79481a7.css:0
[    2941ms] [ERROR] Failed to load resource: the server responded with a status of 503 () @ https://icu.gg/css/Auth.1810ad61.css:0
[    2942ms] [ERROR] Failed to load resource: the server responded with a status of 503 () @ https://icu.gg/css/Board.3905efb5.css:0
[    2944ms] [ERROR] Failed to load resource: the server responded with a status of 503 () @ https://icu.gg/css/Card.aca6d5b5.css:0
[    2946ms] [ERROR] Failed to load resource: the server responded with a status of 503 () @ https://icu.gg/css/Collection.bcf0e275.css:0
[    2947ms] [ERROR] Failed to load resource: the server responded with a status of 503 () @ https://icu.gg/css/Common.812c32ad.css:0
[    3022ms] [ERROR] Failed to load resource: the server responded with a status of 503 () @ https://icu.gg/css/Contact.4638b8dc.css:0
[    3023ms] [ERROR] Failed to load resource: the server responded with a status of 503 () @ https://icu.gg/css/Deck.58b7b251.css:0
[    3024ms] [ERROR] Failed to load resource: the server responded with a status of 503 () @ https://icu.gg/css/Mypage.e2d38d52.css:0
[    3026ms] [ERROR] Failed to load resource: the server responded with a status of 503 () @ https://icu.gg/css/Pointmall.d3a0cff9.css:0
[    3031ms] [ERROR] Failed to load resource: the server responded with a status of 503 () @ https://icu.gg/css/Policy.ef500c95.css:0
[    3031ms] [ERROR] Failed to load resource: the server responded with a status of 503 () @ https://icu.gg/css/Trade.b7321d45.css:0
[    3032ms] [ERROR] Failed to load resource: the server responded with a status of 503 () @ https://icu.gg/css/league.5031371a.css:0
[    3037ms] [ERROR] Failed to load resource: the server responded with a status of 503 () @ https://icu.gg/js/Admin~Auth~Board~Card~Collection~Common~Contact~Deck~Mypage~Pointmall~Policy~Trade~official_league.b7ba7b2b.js:0
[    3039ms] [ERROR] Failed to load resource: the server responded with a status of 503 () @ https://icu.gg/css/official_league.00a54320.css:0
[    3040ms] [ERROR] Failed to load resource: the server responded with a status of 503 () @ https://icu.gg/js/Admin.3e80c4ee.js:0
[    3042ms] [ERROR] Failed to load resource: the server responded with a status of 503 () @ https://icu.gg/js/Auth.9194e89a.js:0
[    3045ms] [ERROR] Failed to load resource: the server responded with a status of 503 () @ https://icu.gg/js/Admin~Auth~Board~Card~Common~Contact~Deck~Mypage~Pointmall~Policy~Trade~league~official_league.96c8bdba.js:0
[    3046ms] [ERROR] Failed to load resource: the server responded with a status of 503 () @ https://icu.gg/js/league.6443dba2.js:0
[    3048ms] [ERROR] Failed to load resource: the server responded with a status of 503 () @ https://icu.gg/js/Policy.a0989ef9.js:0
[    3049ms] [ERROR] Failed to load resource: the server responded with a status of 503 () @ https://icu.gg/js/official_league.5a79c5e4.js:0
[    3053ms] [ERROR] Failed to load resource: the server responded with a status of 503 () @ https://icu.gg/js/Trade.b3ca41d0.js:0
[    3095ms] [ERROR] Failed to load resource: the server responded with a status of 503 () @ https://icu.gg/js/Mypage.665c97ca.js:0
[    3098ms] [ERROR] Failed to load resource: the server responded with a status of 503 () @ https://icu.gg/js/Collection.fc50dff3.js:0
[    3099ms] [ERROR] Failed to load resource: the server responded with a status of 503 () @ https://icu.gg/js/Deck.63b96273.js:0
[    3099ms] [ERROR] Failed to load resource: the server responded with a status of 503 () @ https://icu.gg/js/Card.6ec8d774.js:0
[    3100ms] [ERROR] Failed to load resource: the server responded with a status of 503 () @ https://icu.gg/js/Contact.39b30f8d.js:0
[    3101ms] [ERROR] Failed to load resource: the server responded with a status of 503 () @ https://icu.gg/js/Pointmall.ec2c4bea.js:0
[    3102ms] [ERROR] Failed to load resource: the server responded with a status of 503 () @ https://icu.gg/js/Admin~Board~Card~Collection~Common~Contact~Deck~Mypage~Pointmall~Policy~Trade~league~official_league.e05d2610.js:0
[    3103ms] [ERROR] Failed to load resource: the server responded with a status of 503 () @ https://icu.gg/js/Board.8b0b55ae.js:0
[    3103ms] [ERROR] Failed to load resource: the server responded with a status of 503 () @ https://icu.gg/js/Admin~Auth~Board~Card~Collection~Common~Contact~Deck~Mypage~Pointmall~Policy~Trade~league~official_league.1818263e.js:0
[    3104ms] [ERROR] Failed to load resource: the server responded with a status of 503 () @ https://icu.gg/js/Common.2e53b258.js:0
