[    3761ms] [ERROR] Failed to load resource: the server responded with a status of 502 () @ https://op.gg/lol/modes/aram/lux/statistics:0
[    3935ms] [LOG] GTM Consent Measurement Tag - Initialized on: https://op.gg/lol/modes/aram/lux/statistics @ :0
[    4036ms] [LOG] Checking stored consent data: {acceptanceState: null, gbcConsent: null, euconsent: null} @ :1
[    4055ms] [LOG] AdBlock check: GOOD @ :0
[    4137ms] [LOG] Checking stored consent data: {acceptanceState: null, gbcConsent: null, euconsent: null} @ :1
[    4239ms] [LOG] Checking stored consent data: {acceptanceState: null, gbcConsent: null, euconsent: null} @ :1
[    4340ms] [LOG] Checking stored consent data: {acceptanceState: null, gbcConsent: null, euconsent: null} @ :1
[    4441ms] [LOG] Checking stored consent data: {acceptanceState: null, gbcConsent: null, euconsent: null} @ :1
[    4541ms] [LOG] Checking stored consent data: {acceptanceState: null, gbcConsent: null, euconsent: null} @ :1
[    4643ms] [LOG] Checking stored consent data: {acceptanceState: null, gbcConsent: null, euconsent: null} @ :1
[    4744ms] [LOG] Checking stored consent data: {acceptanceState: null, gbcConsent: null, euconsent: null} @ :1
[    4845ms] [LOG] Checking stored consent data: {acceptanceState: null, gbcConsent: null, euconsent: null} @ :1
[    4946ms] [LOG] Checking stored consent data: {acceptanceState: null, gbcConsent: null, euconsent: null} @ :1
[    5046ms] [LOG] Checking stored consent data: {acceptanceState: null, gbcConsent: null, euconsent: null} @ :1
[    5147ms] [LOG] Checking stored consent data: {acceptanceState: null, gbcConsent: null, euconsent: null} @ :1
[    5248ms] [LOG] Checking stored consent data: {acceptanceState: null, gbcConsent: null, euconsent: null} @ :1
[    5350ms] [LOG] Checking stored consent data: {acceptanceState: null, gbcConsent: null, euconsent: null} @ :1
[    5451ms] [LOG] Checking stored consent data: {acceptanceState: null, gbcConsent: null, euconsent: null} @ :1
[    5552ms] [LOG] Checking stored consent data: {acceptanceState: null, gbcConsent: null, euconsent: null} @ :1
[    5653ms] [LOG] Checking stored consent data: {acceptanceState: null, gbcConsent: null, euconsent: null} @ :1
[    5754ms] [LOG] Checking stored consent data: {acceptanceState: null, gbcConsent: null, euconsent: null} @ :1
[    5854ms] [LOG] Checking stored consent data: {acceptanceState: null, gbcConsent: null, euconsent: null} @ :1
[    5955ms] [LOG] Checking stored consent data: {acceptanceState: null, gbcConsent: null, euconsent: null} @ :1
[    6056ms] [LOG] Checking stored consent data: {acceptanceState: null, gbcConsent: null, euconsent: null} @ :1
[    6157ms] [LOG] Checking stored consent data: {acceptanceState: null, gbcConsent: null, euconsent: null} @ :1
[    6257ms] [LOG] Checking stored consent data: {acceptanceState: null, gbcConsent: null, euconsent: null} @ :1
[    6358ms] [LOG] Checking stored consent data: {acceptanceState: null, gbcConsent: null, euconsent: null} @ :1
[    6460ms] [LOG] Checking stored consent data: {acceptanceState: null, gbcConsent: null, euconsent: null} @ :1
[    6561ms] [LOG] Checking stored consent data: {acceptanceState: null, gbcConsent: null, euconsent: null} @ :1
[    6662ms] [LOG] Checking stored consent data: {acceptanceState: null, gbcConsent: null, euconsent: null} @ :1
[    6763ms] [LOG] Checking stored consent data: {acceptanceState: null, gbcConsent: null, euconsent: null} @ :1
[    6863ms] [LOG] Checking stored consent data: {acceptanceState: null, gbcConsent: null, euconsent: null} @ :1
[    6964ms] [LOG] Checking stored consent data: {acceptanceState: null, gbcConsent: null, euconsent: null} @ :1
[    7065ms] [LOG] Checking stored consent data: {acceptanceState: null, gbcConsent: null, euconsent: null} @ :1
[    7166ms] [LOG] Checking stored consent data: {acceptanceState: null, gbcConsent: null, euconsent: null} @ :1
[    7266ms] [LOG] Checking stored consent data: {acceptanceState: null, gbcConsent: null, euconsent: null} @ :1
[    7370ms] [LOG] Checking stored consent data: {acceptanceState: null, gbcConsent: null, euconsent: null} @ :1
[    7471ms] [LOG] Checking stored consent data: {acceptanceState: null, gbcConsent: null, euconsent: null} @ :1
[    7572ms] [LOG] Checking stored consent data: {acceptanceState: null, gbcConsent: null, euconsent: null} @ :1
[    7672ms] [LOG] Checking stored consent data: {acceptanceState: null, gbcConsent: null, euconsent: null} @ :1
[    7773ms] [LOG] Checking stored consent data: {acceptanceState: null, gbcConsent: null, euconsent: null} @ :1
[    7875ms] [LOG] Checking stored consent data: {acceptanceState: null, gbcConsent: null, euconsent: null} @ :1
[    7978ms] [LOG] Checking stored consent data: {acceptanceState: null, gbcConsent: null, euconsent: null} @ :1
[    8079ms] [LOG] Checking stored consent data: {acceptanceState: null, gbcConsent: null, euconsent: null} @ :1
[    8180ms] [LOG] Checking stored consent data: {acceptanceState: null, gbcConsent: null, euconsent: null} @ :1
[    8281ms] [LOG] Checking stored consent data: {acceptanceState: null, gbcConsent: null, euconsent: null} @ :1
[    8382ms] [LOG] Checking stored consent data: {acceptanceState: null, gbcConsent: null, euconsent: null} @ :1
[    8482ms] [LOG] Checking stored consent data: {acceptanceState: null, gbcConsent: null, euconsent: null} @ :1
[    8583ms] [LOG] Checking stored consent data: {acceptanceState: null, gbcConsent: null, euconsent: null} @ :1
[    8684ms] [LOG] Checking stored consent data: {acceptanceState: null, gbcConsent: null, euconsent: null} @ :1
[    8786ms] [LOG] Checking stored consent data: {acceptanceState: null, gbcConsent: null, euconsent: null} @ :1
[    8886ms] [LOG] Checking stored consent data: {acceptanceState: null, gbcConsent: null, euconsent: null} @ :1
[    8987ms] [LOG] Checking stored consent data: {acceptanceState: null, gbcConsent: null, euconsent: null} @ :1
[    9088ms] [LOG] Checking stored consent data: {acceptanceState: null, gbcConsent: null, euconsent: null} @ :1
[    9189ms] [LOG] Checking stored consent data: {acceptanceState: null, gbcConsent: null, euconsent: null} @ :1
[    9290ms] [LOG] Checking stored consent data: {acceptanceState: null, gbcConsent: null, euconsent: null} @ :1
[    9392ms] [LOG] Checking stored consent data: {acceptanceState: null, gbcConsent: null, euconsent: null} @ :1
[    9494ms] [LOG] Checking stored consent data: {acceptanceState: null, gbcConsent: null, euconsent: null} @ :1
[    9595ms] [LOG] Checking stored consent data: {acceptanceState: null, gbcConsent: null, euconsent: null} @ :1
[    9697ms] [LOG] Checking stored consent data: {acceptanceState: null, gbcConsent: null, euconsent: null} @ :1
[    9797ms] [LOG] Checking stored consent data: {acceptanceState: null, gbcConsent: null, euconsent: null} @ :1
[    9898ms] [LOG] Checking stored consent data: {acceptanceState: null, gbcConsent: null, euconsent: null} @ :1
[    9998ms] [LOG] Checking stored consent data: {acceptanceState: null, gbcConsent: null, euconsent: null} @ :1
[    9999ms] [LOG] MAX TRIES REACHED - No CMP found, treating as no consent @ :1
