[    1105ms] [ERROR] Access to font at 'https://fonts.gstatic.com/ea/notosansjapanese/v6/NotoSansJP-Regular.woff2' from origin 'https://cardnyang.com' has been blocked by CORS policy: No 'Access-Control-Allow-Origin' header is present on the requested resource. @ https://cardnyang.com/:1510
[    1106ms] [ERROR] Failed to load resource: net::ERR_FAILED @ https://fonts.gstatic.com/ea/notosansjapanese/v6/NotoSansJP-Regular.woff2:0
[    1106ms] [ERROR] Access to font at 'https://fonts.gstatic.com/ea/notosansjapanese/v6/NotoSansJP-Bold.woff2' from origin 'https://cardnyang.com' has been blocked by CORS policy: No 'Access-Control-Allow-Origin' header is present on the requested resource. @ https://cardnyang.com/:1510
[    1107ms] [ERROR] Failed to load resource: net::ERR_FAILED @ https://fonts.gstatic.com/ea/notosansjapanese/v6/NotoSansJP-Bold.woff2:0
[    1221ms] [ERROR] Access to font at 'https://fonts.gstatic.com/ea/notosansjapanese/v6/NotoSansJP-DemiLight.woff2' from origin 'https://cardnyang.com' has been blocked by CORS policy: No 'Access-Control-Allow-Origin' header is present on the requested resource. @ https://cardnyang.com/:0
[    1221ms] [ERROR] Failed to load resource: net::ERR_FAILED @ https://fonts.gstatic.com/ea/notosansjapanese/v6/NotoSansJP-DemiLight.woff2:0
[    1222ms] [ERROR] Access to font at 'https://fonts.gstatic.com/ea/notosansjapanese/v6/NotoSansJP-Bold.woff' from origin 'https://cardnyang.com' has been blocked by CORS policy: No 'Access-Control-Allow-Origin' header is present on the requested resource. @ https://cardnyang.com/:0
[    1222ms] [ERROR] Failed to load resource: net::ERR_FAILED @ https://fonts.gstatic.com/ea/notosansjapanese/v6/NotoSansJP-Bold.woff:0
[    1222ms] [ERROR] Access to font at 'https://fonts.gstatic.com/ea/notosansjapanese/v6/NotoSansJP-Regular.woff' from origin 'https://cardnyang.com' has been blocked by CORS policy: No 'Access-Control-Allow-Origin' header is present on the requested resource. @ https://cardnyang.com/:0
[    1222ms] [ERROR] Failed to load resource: net::ERR_FAILED @ https://fonts.gstatic.com/ea/notosansjapanese/v6/NotoSansJP-Regular.woff:0
[    1223ms] [ERROR] Access to font at 'https://fonts.gstatic.com/ea/notosansjapanese/v6/NotoSansJP-Black.woff2' from origin 'https://cardnyang.com' has been blocked by CORS policy: No 'Access-Control-Allow-Origin' header is present on the requested resource. @ https://cardnyang.com/:0
[    1223ms] [ERROR] Failed to load resource: net::ERR_FAILED @ https://fonts.gstatic.com/ea/notosansjapanese/v6/NotoSansJP-Black.woff2:0
[    1306ms] [ERROR] Access to font at 'https://fonts.gstatic.com/ea/notosansjapanese/v6/NotoSansJP-DemiLight.woff' from origin 'https://cardnyang.com' has been blocked by CORS policy: No 'Access-Control-Allow-Origin' header is present on the requested resource. @ https://cardnyang.com/:0
[    1307ms] [ERROR] Failed to load resource: net::ERR_FAILED @ https://fonts.gstatic.com/ea/notosansjapanese/v6/NotoSansJP-DemiLight.woff:0
[    1313ms] [ERROR] Access to font at 'https://fonts.gstatic.com/ea/notosansjapanese/v6/NotoSansJP-Bold.otf' from origin 'https://cardnyang.com' has been blocked by CORS policy: No 'Access-Control-Allow-Origin' header is present on the requested resource. @ https://cardnyang.com/:0
[    1313ms] [ERROR] Failed to load resource: net::ERR_FAILED @ https://fonts.gstatic.com/ea/notosansjapanese/v6/NotoSansJP-Bold.otf:0
[    1316ms] [ERROR] Access to font at 'https://fonts.gstatic.com/ea/notosansjapanese/v6/NotoSansJP-Regular.otf' from origin 'https://cardnyang.com' has been blocked by CORS policy: No 'Access-Control-Allow-Origin' header is present on the requested resource. @ https://cardnyang.com/:0
[    1316ms] [ERROR] Failed to load resource: net::ERR_FAILED @ https://fonts.gstatic.com/ea/notosansjapanese/v6/NotoSansJP-Regular.otf:0
[    1356ms] [ERROR] Access to font at 'https://fonts.gstatic.com/ea/notosansjapanese/v6/NotoSansJP-Black.woff' from origin 'https://cardnyang.com' has been blocked by CORS policy: No 'Access-Control-Allow-Origin' header is present on the requested resource. @ https://cardnyang.com/:0
[    1356ms] [ERROR] Failed to load resource: net::ERR_FAILED @ https://fonts.gstatic.com/ea/notosansjapanese/v6/NotoSansJP-Black.woff:0
[    1393ms] [ERROR] Access to font at 'https://fonts.gstatic.com/ea/notosansjapanese/v6/NotoSansJP-DemiLight.otf' from origin 'https://cardnyang.com' has been blocked by CORS policy: No 'Access-Control-Allow-Origin' header is present on the requested resource. @ https://cardnyang.com/:0
[    1393ms] [ERROR] Failed to load resource: net::ERR_FAILED @ https://fonts.gstatic.com/ea/notosansjapanese/v6/NotoSansJP-DemiLight.otf:0
[    1476ms] [ERROR] Access to font at 'https://fonts.gstatic.com/ea/notosansjapanese/v6/NotoSansJP-Black.otf' from origin 'https://cardnyang.com' has been blocked by CORS policy: No 'Access-Control-Allow-Origin' header is present on the requested resource. @ https://cardnyang.com/:0
[    1476ms] [ERROR] Failed to load resource: net::ERR_FAILED @ https://fonts.gstatic.com/ea/notosansjapanese/v6/NotoSansJP-Black.otf:0
[    1524ms] [LOG] 0 @ https://cardnyang.com/:1774
