[    1610ms] [ERROR] Failed to load resource: the server responded with a status of 503 () @ https://icu.gg/css/Admin.629c9a6f.css:0
[    1625ms] [ERROR] Failed to load resource: the server responded with a status of 503 () @ https://icu.gg/css/Auth.1810ad61.css:0
[    1880ms] [ERROR] Failed to load resource: the server responded with a status of 503 () @ https://icu.gg/css/Board.3905efb5.css:0
[    1890ms] [ERROR] Failed to load resource: the server responded with a status of 503 () @ https://icu.gg/css/Contact.4638b8dc.css:0
[    1910ms] [ERROR] Failed to load resource: the server responded with a status of 503 () @ https://icu.gg/css/Deck.58b7b251.css:0
[    2408ms] [ERROR] Failed to load resource: the server responded with a status of 503 () @ https://icu.gg/css/Mypage.e2d38d52.css:0
[    2423ms] [ERROR] Failed to load resource: the server responded with a status of 503 () @ https://icu.gg/css/Policy.ef500c95.css:0
[    2628ms] [ERROR] Failed to load resource: the server responded with a status of 503 () @ https://icu.gg/css/Pointmall.d3a0cff9.css:0
[    2668ms] [ERROR] Failed to load resource: the server responded with a status of 503 () @ https://icu.gg/css/Trade.b7321d45.css:0
[    2678ms] [ERROR] Failed to load resource: the server responded with a status of 503 () @ https://icu.gg/css/league.5031371a.css:0
[    2708ms] [ERROR] Failed to load resource: the server responded with a status of 503 () @ https://icu.gg/js/Admin.3e80c4ee.js:0
[    2709ms] [ERROR] Failed to load resource: the server responded with a status of 503 () @ https://icu.gg/css/official_league.00a54320.css:0
[    2726ms] [ERROR] Failed to load resource: the server responded with a status of 503 () @ https://icu.gg/js/Board.8b0b55ae.js:0
[    2728ms] [ERROR] Failed to load resource: the server responded with a status of 503 () @ https://icu.gg/js/Auth.9194e89a.js:0
[    2729ms] [ERROR] Failed to load resource: the server responded with a status of 503 () @ https://icu.gg/js/Contact.39b30f8d.js:0
[    3774ms] [ERROR] Failed to load resource: the server responded with a status of 503 () @ https://icu.gg/js/Deck.63b96273.js:0
[    3776ms] [ERROR] Failed to load resource: the server responded with a status of 503 () @ https://icu.gg/js/Mypage.665c97ca.js:0
[    3778ms] [ERROR] Failed to load resource: the server responded with a status of 503 () @ https://icu.gg/js/Pointmall.ec2c4bea.js:0
[    3781ms] [ERROR] Failed to load resource: the server responded with a status of 503 () @ https://icu.gg/js/Policy.a0989ef9.js:0
[    3783ms] [ERROR] Failed to load resource: the server responded with a status of 503 () @ https://icu.gg/js/Trade.b3ca41d0.js:0
[    3783ms] [ERROR] Failed to load resource: the server responded with a status of 503 () @ https://icu.gg/js/official_league.5a79c5e4.js:0
[    3784ms] [ERROR] Failed to load resource: the server responded with a status of 503 () @ https://icu.gg/js/league.6443dba2.js:0
[    4614ms] [INFO] Slow network is detected. See https://www.chromestatus.com/feature/5636954674692096 for more details. Fallback font will be used while loading: https://icu.gg/fonts/SCDream7.3bd0c8ca.otf @ https://icu.gg/js/chunk-vendors.e718accf.js:1715
[    4616ms] [INFO] Slow network is detected. See https://www.chromestatus.com/feature/5636954674692096 for more details. Fallback font will be used while loading: https://icu.gg/fonts/materialdesignicons-webfont.1d7bcee1.woff2 @ https://icu.gg/js/chunk-vendors.e718accf.js:1715
[    4617ms] [INFO] Slow network is detected. See https://www.chromestatus.com/feature/5636954674692096 for more details. Fallback font will be used while loading: https://icu.gg/fonts/SCDream6.9c7a81cb.otf @ https://icu.gg/js/chunk-vendors.e718accf.js:1715
[    4617ms] [INFO] Slow network is detected. See https://www.chromestatus.com/feature/5636954674692096 for more details. Fallback font will be used while loading: https://icu.gg/fonts/SCDream4.14cc8f9e.otf @ https://icu.gg/js/chunk-vendors.e718accf.js:1715
[    5296ms] [INFO] Slow network is detected. See https://www.chromestatus.com/feature/5636954674692096 for more details. Fallback font will be used while loading: https://icu.gg/fonts/SCDream3.8be58362.otf @ https://icu.gg/card/list?detailSearch=true:0
[    6151ms] [INFO] Slow network is detected. See https://www.chromestatus.com/feature/5636954674692096 for more details. Fallback font will be used while loading: https://icu.gg/fonts/SCDream4.14cc8f9e.otf @ https://icu.gg/card/list?detailSearch=true:0
[    6176ms] [LOG] {data: Array(94), status: 200, statusText: , headers: Object, config: Object} @ https://icu.gg/js/Card.6ec8d774.js:0
[    6185ms] [LOG] {data: Array(94), status: 200, statusText: , headers: Object, config: Object} @ https://icu.gg/js/Card.6ec8d774.js:0
[    6933ms] [INFO] Slow network is detected. See https://www.chromestatus.com/feature/5636954674692096 for more details. Fallback font will be used while loading: https://icu.gg/fonts/SCDream4.14cc8f9e.otf @ https://icu.gg/card/list?detailSearch=true:0
[    7235ms] [INFO] Slow network is detected. See https://www.chromestatus.com/feature/5636954674692096 for more details. Fallback font will be used while loading: https://icu.gg/fonts/SCDream4.14cc8f9e.otf @ https://icu.gg/card/list?detailSearch=true:0
[    7312ms] [INFO] Slow network is detected. See https://www.chromestatus.com/feature/5636954674692096 for more details. Fallback font will be used while loading: https://icu.gg/fonts/SCDream4.14cc8f9e.otf @ https://icu.gg/card/list?detailSearch=true:0
[    7421ms] [INFO] Slow network is detected. See https://www.chromestatus.com/feature/5636954674692096 for more details. Fallback font will be used while loading: https://icu.gg/fonts/SCDream4.14cc8f9e.otf @ https://icu.gg/card/list?detailSearch=true:0
[    7588ms] [INFO] Slow network is detected. See https://www.chromestatus.com/feature/5636954674692096 for more details. Fallback font will be used while loading: https://icu.gg/fonts/SCDream4.14cc8f9e.otf @ https://icu.gg/card/list?detailSearch=true:0
