[     821ms] [ERROR] Failed to load resource: the server responded with a status of 503 () @ https://icu.gg/css/Admin.629c9a6f.css:0
[     822ms] [ERROR] Failed to load resource: the server responded with a status of 503 () @ https://icu.gg/css/Auth.1810ad61.css:0
[     823ms] [ERROR] Failed to load resource: the server responded with a status of 503 () @ https://icu.gg/css/Board.3905efb5.css:0
[     824ms] [ERROR] Failed to load resource: the server responded with a status of 503 () @ https://icu.gg/css/Collection.bcf0e275.css:0
[     825ms] [ERROR] Failed to load resource: the server responded with a status of 503 () @ https://icu.gg/css/Contact.4638b8dc.css:0
[     826ms] [ERROR] Failed to load resource: the server responded with a status of 503 () @ https://icu.gg/css/Deck.58b7b251.css:0
[     827ms] [ERROR] Failed to load resource: the server responded with a status of 503 () @ https://icu.gg/css/Mypage.e2d38d52.css:0
[     829ms] [ERROR] Failed to load resource: the server responded with a status of 503 () @ https://icu.gg/css/Pointmall.d3a0cff9.css:0
[     965ms] [ERROR] Failed to load resource: the server responded with a status of 503 () @ https://icu.gg/css/Policy.ef500c95.css:0
[     971ms] [ERROR] Failed to load resource: the server responded with a status of 503 () @ https://icu.gg/css/Trade.b7321d45.css:0
[     972ms] [ERROR] Failed to load resource: the server responded with a status of 503 () @ https://icu.gg/css/league.5031371a.css:0
[    1002ms] [ERROR] Failed to load resource: the server responded with a status of 503 () @ https://icu.gg/css/official_league.00a54320.css:0
[    1015ms] [ERROR] Failed to load resource: the server responded with a status of 503 () @ https://icu.gg/js/Admin.3e80c4ee.js:0
[    1417ms] [ERROR] Failed to load resource: the server responded with a status of 503 () @ https://icu.gg/js/Auth.9194e89a.js:0
[    1418ms] [ERROR] Failed to load resource: the server responded with a status of 503 () @ https://icu.gg/js/Board.8b0b55ae.js:0
[    1418ms] [ERROR] Failed to load resource: the server responded with a status of 503 () @ https://icu.gg/js/Collection.fc50dff3.js:0
[    1420ms] [ERROR] Failed to load resource: the server responded with a status of 503 () @ https://icu.gg/js/Contact.39b30f8d.js:0
[    1420ms] [ERROR] Failed to load resource: the server responded with a status of 503 () @ https://icu.gg/js/Deck.63b96273.js:0
[    1421ms] [ERROR] Failed to load resource: the server responded with a status of 503 () @ https://icu.gg/js/Mypage.665c97ca.js:0
[    1421ms] [ERROR] Failed to load resource: the server responded with a status of 503 () @ https://icu.gg/js/Pointmall.ec2c4bea.js:0
[    1421ms] [ERROR] Failed to load resource: the server responded with a status of 503 () @ https://icu.gg/js/Policy.a0989ef9.js:0
[    1422ms] [ERROR] Failed to load resource: the server responded with a status of 503 () @ https://icu.gg/js/Trade.b3ca41d0.js:0
[    1423ms] [ERROR] Failed to load resource: the server responded with a status of 503 () @ https://icu.gg/js/official_league.5a79c5e4.js:0
[    1423ms] [ERROR] Failed to load resource: the server responded with a status of 503 () @ https://icu.gg/js/league.6443dba2.js:0
[    2397ms] [INFO] Slow network is detected. See https://www.chromestatus.com/feature/5636954674692096 for more details. Fallback font will be used while loading: https://icu.gg/fonts/SCDream7.3bd0c8ca.otf @ https://icu.gg/js/chunk-vendors.e718accf.js:1715
[    2399ms] [INFO] Slow network is detected. See https://www.chromestatus.com/feature/5636954674692096 for more details. Fallback font will be used while loading: https://icu.gg/fonts/materialdesignicons-webfont.1d7bcee1.woff2 @ https://icu.gg/js/chunk-vendors.e718accf.js:1715
[    2399ms] [INFO] Slow network is detected. See https://www.chromestatus.com/feature/5636954674692096 for more details. Fallback font will be used while loading: https://icu.gg/fonts/SCDream6.9c7a81cb.otf @ https://icu.gg/js/chunk-vendors.e718accf.js:1715
[    2400ms] [INFO] Slow network is detected. See https://www.chromestatus.com/feature/5636954674692096 for more details. Fallback font will be used while loading: https://icu.gg/fonts/SCDream4.14cc8f9e.otf @ https://icu.gg/js/chunk-vendors.e718accf.js:1715
[    2968ms] [INFO] Slow network is detected. See https://www.chromestatus.com/feature/5636954674692096 for more details. Fallback font will be used while loading: https://icu.gg/fonts/SCDream3.8be58362.otf @ https://icu.gg/collection:0
[    4120ms] [INFO] Slow network is detected. See https://www.chromestatus.com/feature/5636954674692096 for more details. Fallback font will be used while loading: https://icu.gg/fonts/SCDream4.14cc8f9e.otf @ https://icu.gg/collection:0
[    4243ms] [INFO] Slow network is detected. See https://www.chromestatus.com/feature/5636954674692096 for more details. Fallback font will be used while loading: https://icu.gg/fonts/SCDream4.14cc8f9e.otf @ https://icu.gg/js/Common.2e53b258.js:0
[    4365ms] [INFO] Slow network is detected. See https://www.chromestatus.com/feature/5636954674692096 for more details. Fallback font will be used while loading: https://icu.gg/fonts/SCDream4.14cc8f9e.otf @ https://icu.gg/collection:0
[    4646ms] [INFO] Slow network is detected. See https://www.chromestatus.com/feature/5636954674692096 for more details. Fallback font will be used while loading: https://icu.gg/fonts/SCDream4.14cc8f9e.otf @ https://icu.gg/collection:0
[    4863ms] [INFO] Slow network is detected. See https://www.chromestatus.com/feature/5636954674692096 for more details. Fallback font will be used while loading: https://icu.gg/fonts/SCDream4.14cc8f9e.otf @ https://icu.gg/collection:0
[    5130ms] [INFO] Slow network is detected. See https://www.chromestatus.com/feature/5636954674692096 for more details. Fallback font will be used while loading: https://icu.gg/fonts/SCDream4.14cc8f9e.otf @ https://icu.gg/collection:0
