[    1763ms] [ERROR] Failed to load resource: the server responded with a status of 503 () @ https://icu.gg/css/Admin.629c9a6f.css:0
[    1779ms] [ERROR] Failed to load resource: the server responded with a status of 503 () @ https://icu.gg/css/Auth.1810ad61.css:0
[    1794ms] [ERROR] Failed to load resource: the server responded with a status of 503 () @ https://icu.gg/css/Board.3905efb5.css:0
[    1796ms] [ERROR] Failed to load resource: the server responded with a status of 503 () @ https://icu.gg/css/Contact.4638b8dc.css:0
[    1798ms] [ERROR] Failed to load resource: the server responded with a status of 503 () @ https://icu.gg/css/Deck.58b7b251.css:0
[    1810ms] [ERROR] Failed to load resource: the server responded with a status of 503 () @ https://icu.gg/css/Mypage.e2d38d52.css:0
[    1941ms] [ERROR] Failed to load resource: the server responded with a status of 503 () @ https://icu.gg/css/Pointmall.d3a0cff9.css:0
[    1943ms] [ERROR] Failed to load resource: the server responded with a status of 503 () @ https://icu.gg/css/Policy.ef500c95.css:0
[    1949ms] [ERROR] Failed to load resource: the server responded with a status of 503 () @ https://icu.gg/css/Trade.b7321d45.css:0
[    1958ms] [ERROR] Failed to load resource: the server responded with a status of 503 () @ https://icu.gg/css/league.5031371a.css:0
[    1961ms] [ERROR] Failed to load resource: the server responded with a status of 503 () @ https://icu.gg/css/official_league.00a54320.css:0
[    1973ms] [ERROR] Failed to load resource: the server responded with a status of 503 () @ https://icu.gg/js/Admin.3e80c4ee.js:0
[    2007ms] [ERROR] Failed to load resource: the server responded with a status of 503 () @ https://icu.gg/js/Auth.9194e89a.js:0
[    2008ms] [ERROR] Failed to load resource: the server responded with a status of 503 () @ https://icu.gg/js/Board.8b0b55ae.js:0
[    2024ms] [ERROR] Failed to load resource: the server responded with a status of 503 () @ https://icu.gg/js/Contact.39b30f8d.js:0
[    2155ms] [ERROR] Failed to load resource: the server responded with a status of 503 () @ https://icu.gg/js/Deck.63b96273.js:0
[    2199ms] [ERROR] Failed to load resource: the server responded with a status of 503 () @ https://icu.gg/js/Mypage.665c97ca.js:0
[    2747ms] [ERROR] Failed to load resource: the server responded with a status of 503 () @ https://icu.gg/js/Policy.a0989ef9.js:0
[    2758ms] [ERROR] Failed to load resource: the server responded with a status of 503 () @ https://icu.gg/js/Pointmall.ec2c4bea.js:0
[    2772ms] [ERROR] Failed to load resource: the server responded with a status of 503 () @ https://icu.gg/js/league.6443dba2.js:0
[    2778ms] [ERROR] Failed to load resource: the server responded with a status of 503 () @ https://icu.gg/js/official_league.5a79c5e4.js:0
[    2786ms] [ERROR] Failed to load resource: the server responded with a status of 503 () @ https://icu.gg/js/Trade.b3ca41d0.js:0
