[    6516ms] [LOG] GTM Consent Measurement Tag - Initialized on: https://op.gg/lol/modes/aram/lux/statistics @ :0
[    6622ms] [LOG] Checking stored consent data: {acceptanceState: null, gbcConsent: null, euconsent: null} @ :1
[    6669ms] [LOG] AdBlock check: GOOD @ :0
[    6771ms] [LOG] Checking stored consent data: {acceptanceState: null, gbcConsent: null, euconsent: null} @ :1
[    6882ms] [LOG] Checking stored consent data: {acceptanceState: null, gbcConsent: null, euconsent: null} @ :1
[    6982ms] [LOG] Checking stored consent data: {acceptanceState: null, gbcConsent: null, euconsent: null} @ :1
[    7084ms] [LOG] Checking stored consent data: {acceptanceState: null, gbcConsent: null, euconsent: null} @ :1
[    7185ms] [LOG] Checking stored consent data: {acceptanceState: null, gbcConsent: null, euconsent: null} @ :1
[    7286ms] [LOG] Checking stored consent data: {acceptanceState: null, gbcConsent: null, euconsent: null} @ :1
[    7388ms] [LOG] Checking stored consent data: {acceptanceState: null, gbcConsent: null, euconsent: null} @ :1
[    7491ms] [LOG] Checking stored consent data: {acceptanceState: null, gbcConsent: null, euconsent: null} @ :1
[    7593ms] [LOG] Checking stored consent data: {acceptanceState: null, gbcConsent: null, euconsent: null} @ :1
[    7695ms] [LOG] Checking stored consent data: {acceptanceState: null, gbcConsent: null, euconsent: null} @ :1
[    8117ms] [LOG] Checking stored consent data: {acceptanceState: null, gbcConsent: null, euconsent: null} @ :1
[    8218ms] [LOG] Checking stored consent data: {acceptanceState: null, gbcConsent: null, euconsent: null} @ :1
[    8319ms] [LOG] Checking stored consent data: {acceptanceState: null, gbcConsent: null, euconsent: null} @ :1
[    8420ms] [LOG] Checking stored consent data: {acceptanceState: null, gbcConsent: null, euconsent: null} @ :1
[    8522ms] [LOG] Checking stored consent data: {acceptanceState: null, gbcConsent: null, euconsent: null} @ :1
[    8624ms] [LOG] Checking stored consent data: {acceptanceState: null, gbcConsent: null, euconsent: null} @ :1
[    8726ms] [LOG] Checking stored consent data: {acceptanceState: null, gbcConsent: null, euconsent: null} @ :1
[    8828ms] [LOG] Checking stored consent data: {acceptanceState: null, gbcConsent: null, euconsent: null} @ :1
[    8930ms] [LOG] Checking stored consent data: {acceptanceState: null, gbcConsent: null, euconsent: null} @ :1
[    9031ms] [LOG] Checking stored consent data: {acceptanceState: null, gbcConsent: null, euconsent: null} @ :1
[    9132ms] [LOG] Checking stored consent data: {acceptanceState: null, gbcConsent: null, euconsent: null} @ :1
[    9234ms] [LOG] Checking stored consent data: {acceptanceState: null, gbcConsent: null, euconsent: null} @ :1
[    9335ms] [LOG] Checking stored consent data: {acceptanceState: null, gbcConsent: null, euconsent: null} @ :1
[    9437ms] [LOG] Checking stored consent data: {acceptanceState: null, gbcConsent: null, euconsent: null} @ :1
[    9538ms] [LOG] Checking stored consent data: {acceptanceState: null, gbcConsent: null, euconsent: null} @ :1
[    9643ms] [LOG] Checking stored consent data: {acceptanceState: null, gbcConsent: null, euconsent: null} @ :1
[    9744ms] [LOG] Checking stored consent data: {acceptanceState: null, gbcConsent: null, euconsent: null} @ :1
[    9844ms] [LOG] Checking stored consent data: {acceptanceState: null, gbcConsent: null, euconsent: null} @ :1
[    9946ms] [LOG] Checking stored consent data: {acceptanceState: null, gbcConsent: null, euconsent: null} @ :1
[   10053ms] [LOG] Checking stored consent data: {acceptanceState: null, gbcConsent: null, euconsent: null} @ :1
[   10155ms] [LOG] Checking stored consent data: {acceptanceState: null, gbcConsent: null, euconsent: null} @ :1
[   10256ms] [LOG] Checking stored consent data: {acceptanceState: null, gbcConsent: null, euconsent: null} @ :1
[   10358ms] [LOG] Checking stored consent data: {acceptanceState: null, gbcConsent: null, euconsent: null} @ :1
[   10459ms] [LOG] Checking stored consent data: {acceptanceState: null, gbcConsent: null, euconsent: null} @ :1
[   10560ms] [LOG] Checking stored consent data: {acceptanceState: null, gbcConsent: null, euconsent: null} @ :1
[   10661ms] [LOG] Checking stored consent data: {acceptanceState: null, gbcConsent: null, euconsent: null} @ :1
[   10762ms] [LOG] Checking stored consent data: {acceptanceState: null, gbcConsent: null, euconsent: null} @ :1
[   10865ms] [LOG] Checking stored consent data: {acceptanceState: null, gbcConsent: null, euconsent: null} @ :1
[   10966ms] [LOG] Checking stored consent data: {acceptanceState: null, gbcConsent: null, euconsent: null} @ :1
[   11067ms] [LOG] Checking stored consent data: {acceptanceState: null, gbcConsent: null, euconsent: null} @ :1
[   11168ms] [LOG] Checking stored consent data: {acceptanceState: null, gbcConsent: null, euconsent: null} @ :1
[   11270ms] [LOG] Checking stored consent data: {acceptanceState: null, gbcConsent: null, euconsent: null} @ :1
[   11371ms] [LOG] Checking stored consent data: {acceptanceState: null, gbcConsent: null, euconsent: null} @ :1
[   11472ms] [LOG] Checking stored consent data: {acceptanceState: null, gbcConsent: null, euconsent: null} @ :1
[   11573ms] [LOG] Checking stored consent data: {acceptanceState: null, gbcConsent: null, euconsent: null} @ :1
[   11675ms] [LOG] Checking stored consent data: {acceptanceState: null, gbcConsent: null, euconsent: null} @ :1
[   11776ms] [LOG] Checking stored consent data: {acceptanceState: null, gbcConsent: null, euconsent: null} @ :1
[   11879ms] [LOG] Checking stored consent data: {acceptanceState: null, gbcConsent: null, euconsent: null} @ :1
[   11979ms] [LOG] Checking stored consent data: {acceptanceState: null, gbcConsent: null, euconsent: null} @ :1
[   12080ms] [LOG] Checking stored consent data: {acceptanceState: null, gbcConsent: null, euconsent: null} @ :1
[   12183ms] [LOG] Checking stored consent data: {acceptanceState: null, gbcConsent: null, euconsent: null} @ :1
[   12284ms] [LOG] Checking stored consent data: {acceptanceState: null, gbcConsent: null, euconsent: null} @ :1
[   12386ms] [LOG] Checking stored consent data: {acceptanceState: null, gbcConsent: null, euconsent: null} @ :1
[   12487ms] [LOG] Checking stored consent data: {acceptanceState: null, gbcConsent: null, euconsent: null} @ :1
[   12588ms] [LOG] Checking stored consent data: {acceptanceState: null, gbcConsent: null, euconsent: null} @ :1
[   12689ms] [LOG] Checking stored consent data: {acceptanceState: null, gbcConsent: null, euconsent: null} @ :1
[   12790ms] [LOG] Checking stored consent data: {acceptanceState: null, gbcConsent: null, euconsent: null} @ :1
[   12891ms] [LOG] Checking stored consent data: {acceptanceState: null, gbcConsent: null, euconsent: null} @ :1
[   12992ms] [LOG] Checking stored consent data: {acceptanceState: null, gbcConsent: null, euconsent: null} @ :1
[   12992ms] [LOG] MAX TRIES REACHED - No CMP found, treating as no consent @ :1
