[     750ms] [ERROR] Failed to load resource: the server responded with a status of 503 () @ https://icu.gg/css/Admin.629c9a6f.css:0
[     751ms] [ERROR] Failed to load resource: the server responded with a status of 503 () @ https://icu.gg/css/Board.3905efb5.css:0
[     752ms] [ERROR] Failed to load resource: the server responded with a status of 503 () @ https://icu.gg/css/Auth.1810ad61.css:0
[     752ms] [ERROR] Failed to load resource: the server responded with a status of 503 () @ https://icu.gg/css/Collection.bcf0e275.css:0
[     753ms] [ERROR] Failed to load resource: the server responded with a status of 503 () @ https://icu.gg/css/Pointmall.d3a0cff9.css:0
[     755ms] [ERROR] Failed to load resource: the server responded with a status of 503 () @ https://icu.gg/css/Policy.ef500c95.css:0
[     757ms] [ERROR] Failed to load resource: the server responded with a status of 503 () @ https://icu.gg/css/Deck.58b7b251.css:0
[     759ms] [ERROR] Failed to load resource: the server responded with a status of 503 () @ https://icu.gg/css/official_league.00a54320.css:0
[     759ms] [ERROR] Failed to load resource: the server responded with a status of 503 () @ https://icu.gg/css/Contact.4638b8dc.css:0
[     760ms] [ERROR] Failed to load resource: the server responded with a status of 503 () @ https://icu.gg/css/Mypage.e2d38d52.css:0
[     761ms] [ERROR] Failed to load resource: the server responded with a status of 503 () @ https://icu.gg/css/Trade.b7321d45.css:0
[     763ms] [ERROR] Failed to load resource: the server responded with a status of 503 () @ https://icu.gg/js/Admin.3e80c4ee.js:0
[     764ms] [ERROR] Failed to load resource: the server responded with a status of 503 () @ https://icu.gg/js/Pointmall.ec2c4bea.js:0
[     773ms] [ERROR] Failed to load resource: the server responded with a status of 503 () @ https://icu.gg/css/Card.aca6d5b5.css:0
[     783ms] [ERROR] Failed to load resource: the server responded with a status of 503 () @ https://icu.gg/css/league.5031371a.css:0
[     790ms] [ERROR] Failed to load resource: the server responded with a status of 503 () @ https://icu.gg/js/Policy.a0989ef9.js:0
[     793ms] [ERROR] Failed to load resource: the server responded with a status of 503 () @ https://icu.gg/js/Mypage.665c97ca.js:0
[     798ms] [ERROR] Failed to load resource: the server responded with a status of 503 () @ https://icu.gg/js/Collection.fc50dff3.js:0
[     801ms] [ERROR] Failed to load resource: the server responded with a status of 503 () @ https://icu.gg/js/Auth.9194e89a.js:0
[     802ms] [ERROR] Failed to load resource: the server responded with a status of 503 () @ https://icu.gg/js/Trade.b3ca41d0.js:0
[     827ms] [ERROR] Failed to load resource: the server responded with a status of 503 () @ https://icu.gg/js/Board.8b0b55ae.js:0
[     828ms] [ERROR] Failed to load resource: the server responded with a status of 503 () @ https://icu.gg/js/Card.6ec8d774.js:0
[     829ms] [ERROR] Failed to load resource: the server responded with a status of 503 () @ https://icu.gg/js/Contact.39b30f8d.js:0
[     830ms] [ERROR] Failed to load resource: the server responded with a status of 503 () @ https://icu.gg/js/Deck.63b96273.js:0
[     831ms] [ERROR] Failed to load resource: the server responded with a status of 503 () @ https://icu.gg/js/official_league.5a79c5e4.js:0
[     832ms] [ERROR] Failed to load resource: the server responded with a status of 503 () @ https://icu.gg/js/league.6443dba2.js:0
[    3719ms] [LOG] {data: Array(94), status: 200, statusText: , headers: Object, config: Object} @ https://icu.gg/js/Card.6ec8d774.js:0
[    3784ms] [LOG] {data: Array(94), status: 200, statusText: , headers: Object, config: Object} @ https://icu.gg/js/Card.6ec8d774.js:0
