[     754ms] [ERROR] Failed to load resource: the server responded with a status of 503 () @ https://icu.gg/css/Admin.629c9a6f.css:0
[     904ms] [ERROR] Failed to load resource: the server responded with a status of 503 () @ https://icu.gg/css/Board.3905efb5.css:0
[     907ms] [ERROR] Failed to load resource: the server responded with a status of 503 () @ https://icu.gg/css/Auth.1810ad61.css:0
[     909ms] [ERROR] Failed to load resource: the server responded with a status of 503 () @ https://icu.gg/css/Collection.bcf0e275.css:0
[     911ms] [ERROR] Failed to load resource: the server responded with a status of 503 () @ https://icu.gg/css/Contact.4638b8dc.css:0
[     925ms] [ERROR] Failed to load resource: the server responded with a status of 503 () @ https://icu.gg/css/Deck.58b7b251.css:0
[    1157ms] [ERROR] Failed to load resource: the server responded with a status of 503 () @ https://icu.gg/css/Policy.ef500c95.css:0
[    1229ms] [ERROR] Failed to load resource: the server responded with a status of 503 () @ https://icu.gg/css/Mypage.e2d38d52.css:0
[    1231ms] [ERROR] Failed to load resource: the server responded with a status of 503 () @ https://icu.gg/css/Trade.b7321d45.css:0
[    1232ms] [ERROR] Failed to load resource: the server responded with a status of 503 () @ https://icu.gg/css/Pointmall.d3a0cff9.css:0
[    1297ms] [ERROR] Failed to load resource: the server responded with a status of 503 () @ https://icu.gg/css/league.5031371a.css:0
[    1316ms] [ERROR] Failed to load resource: the server responded with a status of 503 () @ https://icu.gg/js/Admin.3e80c4ee.js:0
[    1317ms] [ERROR] Failed to load resource: the server responded with a status of 503 () @ https://icu.gg/css/official_league.00a54320.css:0
[    1788ms] [ERROR] Failed to load resource: the server responded with a status of 503 () @ https://icu.gg/js/Auth.9194e89a.js:0
[    1796ms] [ERROR] Failed to load resource: the server responded with a status of 503 () @ https://icu.gg/js/Board.8b0b55ae.js:0
[    1800ms] [ERROR] Failed to load resource: the server responded with a status of 503 () @ https://icu.gg/js/Collection.fc50dff3.js:0
[    1802ms] [ERROR] Failed to load resource: the server responded with a status of 503 () @ https://icu.gg/js/Contact.39b30f8d.js:0
[    1805ms] [ERROR] Failed to load resource: the server responded with a status of 503 () @ https://icu.gg/js/Deck.63b96273.js:0
[    1805ms] [ERROR] Failed to load resource: the server responded with a status of 503 () @ https://icu.gg/js/Pointmall.ec2c4bea.js:0
[    1806ms] [ERROR] Failed to load resource: the server responded with a status of 503 () @ https://icu.gg/js/Mypage.665c97ca.js:0
[    1807ms] [ERROR] Failed to load resource: the server responded with a status of 503 () @ https://icu.gg/js/Policy.a0989ef9.js:0
[    1808ms] [ERROR] Failed to load resource: the server responded with a status of 503 () @ https://icu.gg/js/official_league.5a79c5e4.js:0
[    1808ms] [ERROR] Failed to load resource: the server responded with a status of 503 () @ https://icu.gg/js/Trade.b3ca41d0.js:0
[    1809ms] [ERROR] Failed to load resource: the server responded with a status of 503 () @ https://icu.gg/js/league.6443dba2.js:0
